2026-09-16 17:46:06,160 build.pipeline [1/8] towns.lua: starting
2026-09-16 17:46:06,187 build.pipeline [1/8] towns.lua: done (0.0s)
2026-09-16 17:46:06,188 build.pipeline [2/8] beacons.lua: starting
2026-09-16 17:46:06,194 build.pipeline [2/8] beacons.lua: done (0.0s)
2026-09-16 17:46:06,194 build.pipeline [3/8] OSM overlay (.osm.pbf): starting
2026-09-16 17:47:33,405 build.pipeline [3/8] OSM overlay (.osm.pbf): done (87.2s)
2026-09-16 17:47:33,405 build.pipeline [4/8] Syria.routes (2251462776 bytes): starting
2026-09-16 17:47:38,431 roadnet.routes parsing .routes: route 347, byte 28684240/2251462717 (1.3%)
2026-09-16 17:47:43,432 roadnet.routes parsing .routes: route 686, byte 57279937/2251462717 (2.5%)
2026-09-16 17:47:48,440 roadnet.routes parsing .routes: route 975, byte 85829618/2251462717 (3.8%)
2026-09-16 17:47:53,485 roadnet.routes parsing .routes: route 1232, byte 114561572/2251462717 (5.1%)
2026-09-16 17:47:58,487 roadnet.routes parsing .routes: route 1402, byte 143309172/2251462717 (6.4%)
2026-09-16 17:48:03,520 roadnet.routes parsing .routes: route 1527, byte 172032375/2251462717 (7.6%)
2026-09-16 17:48:08,676 roadnet.routes parsing .routes: route 1696, byte 201671858/2251462717 (9.0%)
2026-09-16 17:48:13,727 roadnet.routes parsing .routes: route 1802, byte 230720965/2251462717 (10.2%)
2026-09-16 17:48:18,748 roadnet.routes parsing .routes: route 1914, byte 259320212/2251462717 (11.5%)
2026-09-16 17:48:23,792 roadnet.routes parsing .routes: route 2057, byte 288167229/2251462717 (12.8%)
2026-09-16 17:48:28,853 roadnet.routes parsing .routes: route 2202, byte 317192189/2251462717 (14.1%)
2026-09-16 17:48:33,908 roadnet.routes parsing .routes: route 2440, byte 345997495/2251462717 (15.4%)
2026-09-16 17:48:38,962 roadnet.routes parsing .routes: route 2625, byte 374141478/2251462717 (16.6%)
2026-09-16 17:48:43,982 roadnet.routes parsing .routes: route 2861, byte 402211506/2251462717 (17.9%)
2026-09-16 17:48:48,989 roadnet.routes parsing .routes: route 3071, byte 430209331/2251462717 (19.1%)
2026-09-16 17:48:54,053 roadnet.routes parsing .routes: route 3274, byte 458289901/2251462717 (20.4%)
2026-09-16 17:48:59,080 roadnet.routes parsing .routes: route 3487, byte 486450339/2251462717 (21.6%)
2026-09-16 17:49:04,083 roadnet.routes parsing .routes: route 3875, byte 514673484/2251462717 (22.9%)
2026-09-16 17:49:09,097 roadnet.routes parsing .routes: route 4187, byte 542543774/2251462717 (24.1%)
2026-09-16 17:49:14,103 roadnet.routes parsing .routes: route 4582, byte 570796069/2251462717 (25.4%)
2026-09-16 17:49:19,117 roadnet.routes parsing .routes: route 4995, byte 598791128/2251462717 (26.6%)
2026-09-16 17:49:24,129 roadnet.routes parsing .routes: route 5280, byte 625938519/2251462717 (27.8%)
2026-09-16 17:49:29,154 roadnet.routes parsing .routes: route 5613, byte 653681128/2251462717 (29.0%)
2026-09-16 17:49:34,157 roadnet.routes parsing .routes: route 5832, byte 681963997/2251462717 (30.3%)
2026-09-16 17:49:39,173 roadnet.routes parsing .routes: route 6151, byte 709720770/2251462717 (31.5%)
2026-09-16 17:49:44,363 roadnet.routes parsing .routes: route 6495, byte 738562713/2251462717 (32.8%)
2026-09-16 17:49:49,424 roadnet.routes parsing .routes: route 6585, byte 766848166/2251462717 (34.1%)
2026-09-16 17:49:54,488 roadnet.routes parsing .routes: route 6679, byte 794541345/2251462717 (35.3%)
2026-09-16 17:49:59,595 roadnet.routes parsing .routes: route 6801, byte 823232252/2251462717 (36.6%)
2026-09-16 17:50:04,625 roadnet.routes parsing .routes: route 6894, byte 851750127/2251462717 (37.8%)
2026-09-16 17:50:09,662 roadnet.routes parsing .routes: route 7011, byte 880267497/2251462717 (39.1%)
2026-09-16 17:50:14,737 roadnet.routes parsing .routes: route 7108, byte 908989015/2251462717 (40.4%)
2026-09-16 17:50:19,886 roadnet.routes parsing .routes: route 7168, byte 938206931/2251462717 (41.7%)
2026-09-16 17:50:25,076 roadnet.routes parsing .routes: route 7243, byte 967188736/2251462717 (43.0%)
2026-09-16 17:50:30,078 roadnet.routes parsing .routes: route 7279, byte 995465226/2251462717 (44.2%)
2026-09-16 17:50:35,348 roadnet.routes parsing .routes: route 7309, byte 1025331959/2251462717 (45.5%)
2026-09-16 17:50:40,393 roadnet.routes parsing .routes: route 7342, byte 1053903031/2251462717 (46.8%)
2026-09-16 17:50:45,406 roadnet.routes parsing .routes: route 7366, byte 1080619840/2251462717 (48.0%)
2026-09-16 17:50:50,425 roadnet.routes parsing .routes: route 7380, byte 1101877092/2251462717 (48.9%)
2026-09-16 17:50:56,053 roadnet.routes parsing .routes: route 7402, byte 1129711637/2251462717 (50.2%)
2026-09-16 17:51:01,709 roadnet.routes parsing .routes: route 7412, byte 1152346913/2251462717 (51.2%)
2026-09-16 17:51:06,732 roadnet.routes parsing .routes: route 7435, byte 1176205435/2251462717 (52.2%)
2026-09-16 17:51:11,734 roadnet.routes parsing .routes: route 7562, byte 1201413402/2251462717 (53.4%)
2026-09-16 17:51:16,746 roadnet.routes parsing .routes: route 7789, byte 1226599573/2251462717 (54.5%)
2026-09-16 17:51:21,746 roadnet.routes parsing .routes: route 8027, byte 1251770336/2251462717 (55.6%)
2026-09-16 17:51:26,769 roadnet.routes parsing .routes: route 8294, byte 1276874261/2251462717 (56.7%)
2026-09-16 17:51:31,770 roadnet.routes parsing .routes: route 8540, byte 1301889228/2251462717 (57.8%)
2026-09-16 17:51:36,795 roadnet.routes parsing .routes: route 8740, byte 1327028440/2251462717 (58.9%)
2026-09-16 17:51:41,819 roadnet.routes parsing .routes: route 8903, byte 1352262711/2251462717 (60.1%)
2026-09-16 17:51:46,833 roadnet.routes parsing .routes: route 9085, byte 1377309325/2251462717 (61.2%)
2026-09-16 17:51:51,853 roadnet.routes parsing .routes: route 9297, byte 1402352135/2251462717 (62.3%)
2026-09-16 17:51:56,856 roadnet.routes parsing .routes: route 9573, byte 1427032368/2251462717 (63.4%)
2026-09-16 17:52:01,868 roadnet.routes parsing .routes: route 9862, byte 1451493614/2251462717 (64.5%)
2026-09-16 17:52:06,888 roadnet.routes parsing .routes: route 10167, byte 1476469910/2251462717 (65.6%)
2026-09-16 17:52:11,893 roadnet.routes parsing .routes: route 10486, byte 1501750133/2251462717 (66.7%)
2026-09-16 17:52:16,908 roadnet.routes parsing .routes: route 10753, byte 1527012116/2251462717 (67.8%)
2026-09-16 17:52:21,926 roadnet.routes parsing .routes: route 10928, byte 1552261923/2251462717 (68.9%)
2026-09-16 17:52:27,002 roadnet.routes parsing .routes: route 11050, byte 1577862938/2251462717 (70.1%)
2026-09-16 17:52:32,018 roadnet.routes parsing .routes: route 11410, byte 1603089011/2251462717 (71.2%)
2026-09-16 17:52:37,028 roadnet.routes parsing .routes: route 11687, byte 1628375292/2251462717 (72.3%)
2026-09-16 17:52:42,083 roadnet.routes parsing .routes: route 11893, byte 1653829504/2251462717 (73.5%)
2026-09-16 17:52:47,150 roadnet.routes parsing .routes: route 12042, byte 1679462250/2251462717 (74.6%)
2026-09-16 17:52:52,318 roadnet.routes parsing .routes: route 12110, byte 1705439966/2251462717 (75.7%)
2026-09-16 17:52:57,399 roadnet.routes parsing .routes: route 12145, byte 1729469604/2251462717 (76.8%)
2026-09-16 17:53:02,481 roadnet.routes parsing .routes: route 12248, byte 1755157671/2251462717 (78.0%)
2026-09-16 17:53:07,497 roadnet.routes parsing .routes: route 12330, byte 1780566356/2251462717 (79.1%)
2026-09-16 17:53:12,518 roadnet.routes parsing .routes: route 12459, byte 1805939771/2251462717 (80.2%)
2026-09-16 17:53:17,519 roadnet.routes parsing .routes: route 12625, byte 1831303582/2251462717 (81.3%)
2026-09-16 17:53:22,529 roadnet.routes parsing .routes: route 12775, byte 1856529196/2251462717 (82.5%)
2026-09-16 17:53:27,631 roadnet.routes parsing .routes: route 12931, byte 1882296458/2251462717 (83.6%)
2026-09-16 17:53:32,646 roadnet.routes parsing .routes: route 13076, byte 1907576335/2251462717 (84.7%)
2026-09-16 17:53:37,777 roadnet.routes parsing .routes: route 13246, byte 1933391552/2251462717 (85.9%)
2026-09-16 17:53:42,783 roadnet.routes parsing .routes: route 13369, byte 1958722320/2251462717 (87.0%)
2026-09-16 17:53:47,912 roadnet.routes parsing .routes: route 13552, byte 1984526370/2251462717 (88.1%)
2026-09-16 17:53:52,970 roadnet.routes parsing .routes: route 13829, byte 2009974880/2251462717 (89.3%)
2026-09-16 17:53:57,986 roadnet.routes parsing .routes: route 14046, byte 2035304399/2251462717 (90.4%)
2026-09-16 17:54:02,999 roadnet.routes parsing .routes: route 14270, byte 2060059466/2251462717 (91.5%)
2026-09-16 17:54:08,000 roadnet.routes parsing .routes: route 14443, byte 2085506225/2251462717 (92.6%)
2026-09-16 17:54:13,027 roadnet.routes parsing .routes: route 14546, byte 2110401311/2251462717 (93.7%)
2026-09-16 17:55:40,082 roadnet.routes parsing .routes: route 14667, byte 2133835355/2251462717 (94.8%)
2026-09-16 17:55:45,343 roadnet.routes parsing .routes: route 14737, byte 2159630090/2251462717 (95.9%)
2026-09-16 17:55:50,461 roadnet.routes parsing .routes: route 14746, byte 2179934550/2251462717 (96.8%)
2026-09-16 17:55:55,536 roadnet.routes parsing .routes: route 14754, byte 2200163259/2251462717 (97.7%)
2026-09-16 17:56:00,655 roadnet.routes parsing .routes: route 14762, byte 2220561155/2251462717 (98.6%)
2026-09-16 17:56:05,792 roadnet.routes parsing .routes: route 14786, byte 2243991958/2251462717 (99.7%)
2026-09-16 17:56:19,037 build.pipeline [4/8] Syria.routes (2251462776 bytes): done (443.6s)
2026-09-16 17:56:19,037 build.pipeline [5/8] road junctions: starting
2026-09-16 17:56:19,308 build.ingest_junctions ingest_junctions: 14833 roads, 24600 chunks of 5000 m (padding 10 m)
2026-09-16 17:56:49,327 build.ingest_junctions ingest_junctions: chunk 2444/24600 (9.9%, 199 junctions kept, 30s elapsed, ~272s remaining)
2026-09-16 17:57:19,367 build.ingest_junctions ingest_junctions: chunk 3539/24600 (14.4%, 507 junctions kept, 60s elapsed, ~357s remaining)
2026-09-16 17:57:49,374 build.ingest_junctions ingest_junctions: chunk 4866/24600 (19.8%, 978 junctions kept, 90s elapsed, ~365s remaining)
2026-09-16 17:58:19,385 build.ingest_junctions ingest_junctions: chunk 6359/24600 (25.8%, 1334 junctions kept, 120s elapsed, ~344s remaining)
2026-09-16 17:58:49,450 build.ingest_junctions ingest_junctions: chunk 10143/24600 (41.2%, 3013 junctions kept, 150s elapsed, ~214s remaining)
2026-09-16 17:59:19,555 build.ingest_junctions ingest_junctions: chunk 13206/24600 (53.7%, 4065 junctions kept, 180s elapsed, ~156s remaining)
2026-09-16 20:32:37,834 build.ingest_junctions ingest_junctions: chunk 13867/24600 (56.4%, 4681 junctions kept, 381s elapsed, ~295s remaining)
2026-09-16 20:35:25,920 build.ingest_junctions ingest_junctions: chunk 13868/24600 (56.4%, 4691 junctions kept, 549s elapsed, ~425s remaining)
2026-09-16 20:38:21,333 build.ingest_junctions ingest_junctions: chunk 14017/24600 (57.0%, 4723 junctions kept, 724s elapsed, ~547s remaining)
2026-09-16 20:41:09,532 build.ingest_junctions ingest_junctions: chunk 14018/24600 (57.0%, 4724 junctions kept, 893s elapsed, ~674s remaining)
2026-09-16 20:41:39,603 build.ingest_junctions ingest_junctions: chunk 14720/24600 (59.8%, 5160 junctions kept, 923s elapsed, ~619s remaining)
2026-09-16 20:42:09,609 build.ingest_junctions ingest_junctions: chunk 16311/24600 (66.3%, 5591 junctions kept, 953s elapsed, ~484s remaining)
2026-09-16 20:42:39,658 build.ingest_junctions ingest_junctions: chunk 19273/24600 (78.3%, 6292 junctions kept, 983s elapsed, ~272s remaining)
2026-09-16 20:43:09,750 build.ingest_junctions ingest_junctions: chunk 20613/24600 (83.8%, 7264 junctions kept, 1013s elapsed, ~196s remaining)
2026-09-16 20:43:35,039 build.pipeline [5/8] road junctions: done (1038.4s)
2026-09-16 20:43:35,278 build.pipeline [6/8] SRTM elevation grid (131 tile(s)): starting
2026-09-16 20:43:35,449 build.ingest_srtm ingest_srtm: row 50/828 (6.0%, 38600 sampled, 0 void/uncovered, 0.2s elapsed)
2026-09-16 20:43:35,615 build.ingest_srtm ingest_srtm: row 100/828 (12.1%, 77200 sampled, 0 void/uncovered, 0.3s elapsed)
2026-09-16 20:43:35,793 build.ingest_srtm ingest_srtm: row 150/828 (18.1%, 112252 sampled, 3548 void/uncovered, 0.5s elapsed)
2026-09-16 20:43:35,988 build.ingest_srtm ingest_srtm: row 200/828 (24.2%, 142671 sampled, 11729 void/uncovered, 0.7s elapsed)
2026-09-16 20:43:36,189 build.ingest_srtm ingest_srtm: row 250/828 (30.2%, 171373 sampled, 21627 void/uncovered, 0.9s elapsed)
2026-09-16 20:43:36,401 build.ingest_srtm ingest_srtm: row 300/828 (36.2%, 196891 sampled, 34709 void/uncovered, 1.1s elapsed)
2026-09-16 20:43:36,617 build.ingest_srtm ingest_srtm: row 350/828 (42.3%, 223034 sampled, 47166 void/uncovered, 1.3s elapsed)
2026-09-16 20:43:36,827 build.ingest_srtm ingest_srtm: row 400/828 (48.3%, 261356 sampled, 47444 void/uncovered, 1.5s elapsed)
2026-09-16 20:43:37,037 build.ingest_srtm ingest_srtm: row 450/828 (54.3%, 299956 sampled, 47444 void/uncovered, 1.8s elapsed)
2026-09-16 20:43:37,264 build.ingest_srtm ingest_srtm: row 500/828 (60.4%, 338556 sampled, 47444 void/uncovered, 2.0s elapsed)
2026-09-16 20:43:37,493 build.ingest_srtm ingest_srtm: row 550/828 (66.4%, 377156 sampled, 47444 void/uncovered, 2.2s elapsed)
2026-09-16 20:43:37,741 build.ingest_srtm ingest_srtm: row 600/828 (72.5%, 415718 sampled, 47482 void/uncovered, 2.5s elapsed)
2026-09-16 20:43:37,993 build.ingest_srtm ingest_srtm: row 650/828 (78.5%, 454318 sampled, 47482 void/uncovered, 2.7s elapsed)
2026-09-16 20:43:38,257 build.ingest_srtm ingest_srtm: row 700/828 (84.5%, 492917 sampled, 47483 void/uncovered, 3.0s elapsed)
2026-09-16 20:43:38,531 build.ingest_srtm ingest_srtm: row 750/828 (90.6%, 531517 sampled, 47483 void/uncovered, 3.3s elapsed)
2026-09-16 20:43:38,812 build.ingest_srtm ingest_srtm: row 800/828 (96.6%, 570116 sampled, 47484 void/uncovered, 3.5s elapsed)
2026-09-16 20:43:39,726 build.pipeline [6/8] SRTM elevation grid (131 tile(s)): done (4.4s)
Built /Users/sg/Code/DCS-petrobrain/world-model/data/world-model/syria-full.sqlite
  airfield: 35
  coastline: 1269
  junction: 8732
  landcover: 44811
  named_place: 23044
  navaid: 151
  road: 14833
  runway: 27
  settlement: 26182
  water: 5119
  beacon stats: BeaconIngestStats(airfield_groups=35, runway_features=27, airfields_with_runway_axis=26, airfields_with_centroid_only=9, unpaired_localizer_or_glideslope_skips=0)
  osm stats: OsmIngestStats(named_places=21862, water_features=5119, coastline_features=1269, settlement_features=26182, landcover_features=44811, landcover_by_class={'barren': 2475, 'forest': 9710, 'fields': 21428, 'scrub': 4027, 'orchard': 7171}, unnamed_dams_dropped=689, unnamed_peaks_dropped=9867, lines_skipped_unclassified=291933, lines_skipped_degenerate=0, areas_skipped_unclassified=3708, rings_dropped_min_area=183492, rings_dropped_degenerate_after_simplify=5, holes_kept=4575, holes_dropped_below_min_area=36974, holes_dropped_degenerate_after_simplify=1, holes_dropped_not_contained_after_simplify=58, vertices_before_simplify=8343864, vertices_after_simplify=2010767, relations_skipped=0, multipolygon_relations_seen=12450, ways_skipped_unresolved_nodes=0)
  roadnet stats: RoadnetIngestStats(routes_found_whole_file=14833, routes_in_region=14833, resync_events=14833, sync_loss_events=220, bytes_covered=2249111022)
  probe: skipped (probe_output_path not given or not found)
  srtm stats: SrtmIngestStats(points_expected=639216, points_sampled=591732, points_void_or_uncovered=47484, tiles_used=79)
