12:46:24 
12:46:24 #########################################################
12:46:24 SPU-8 INTERCOM READ/WRITE PROBE
12:46:24 #########################################################
12:46:41   t=0: read-only phase. Click 456 both ways, sweep 457 end to end.
12:46:41   Write 1 at t+30s, write 2 at t+50s.
12:46:41   ~ t=  0.0 456=0.000 457=0.500 376=0.000 377=0.000 664=0.000
12:46:45   ~ t=  4.0 456=0.000 457=0.500 376=0.000 377=0.320 664=0.000
12:46:45   ~ t=  4.1 456=0.000 457=0.500 376=0.000 377=0.640 664=0.000
12:46:45   ~ t=  4.1 456=0.000 457=0.500 376=0.000 377=1.000 664=0.000
12:46:46   ~ t=  5.5 456=0.000 457=0.500 376=0.000 377=0.680 664=0.000
12:46:46   ~ t=  5.5 456=0.000 457=0.500 376=0.000 377=0.360 664=0.000
12:46:46   ~ t=  5.5 456=0.000 457=0.500 376=0.000 377=0.000 664=0.000
12:46:50   ~ t=  9.1 456=0.000 457=0.499 376=0.000 377=0.000 664=0.000
12:46:50   ~ t=  9.1 456=0.000 457=0.500 376=0.000 377=0.000 664=0.000
12:46:50   ~ t=  9.1 456=0.000 457=0.501 376=0.000 377=0.000 664=0.000
12:46:50   ~ t=  9.1 456=0.000 457=0.503 376=0.000 377=0.000 664=0.000
12:46:50   ~ t=  9.1 456=0.000 457=0.504 376=0.000 377=0.000 664=0.000
12:46:50   ~ t=  9.1 456=0.000 457=0.507 376=0.000 377=0.000 664=0.000
12:46:50   ~ t=  9.1 456=0.000 457=0.510 376=0.000 377=0.000 664=0.000
12:46:50   ~ t=  9.1 456=0.000 457=0.513 376=0.000 377=0.000 664=0.000
12:46:50   ~ t=  9.2 456=0.000 457=0.518 376=0.000 377=0.000 664=0.000
12:46:50   ~ t=  9.2 456=0.000 457=0.530 376=0.000 377=0.000 664=0.000
12:46:50   ~ t=  9.2 456=0.000 457=0.536 376=0.000 377=0.000 664=0.000
12:46:50   ~ t=  9.2 456=0.000 457=0.542 376=0.000 377=0.000 664=0.000
12:46:50   ~ t=  9.2 456=0.000 457=0.546 376=0.000 377=0.000 664=0.000
12:46:50   ~ t=  9.2 456=0.000 457=0.548 376=0.000 377=0.000 664=0.000
12:46:50   ~ t=  9.2 456=0.000 457=0.550 376=0.000 377=0.000 664=0.000
12:46:50   ~ t=  9.5 456=0.000 457=0.551 376=0.000 377=0.000 664=0.000
12:46:50   ~ t=  9.5 456=0.000 457=0.562 376=0.000 377=0.000 664=0.000
12:46:50   ~ t=  9.5 456=0.000 457=0.574 376=0.000 377=0.000 664=0.000
12:46:50   ~ t=  9.5 456=0.000 457=0.588 376=0.000 377=0.000 664=0.000
12:46:50   ~ t=  9.5 456=0.000 457=0.621 376=0.000 377=0.000 664=0.000
12:46:50   ~ t=  9.6 456=0.000 457=0.651 376=0.000 377=0.000 664=0.000
12:46:50   ~ t=  9.6 456=0.000 457=0.666 376=0.000 377=0.000 664=0.000
12:46:50   ~ t=  9.6 456=0.000 457=0.679 376=0.000 377=0.000 664=0.000
12:46:50   ~ t=  9.6 456=0.000 457=0.687 376=0.000 377=0.000 664=0.000
12:46:50   ~ t=  9.6 456=0.000 457=0.694 376=0.000 377=0.000 664=0.000
12:46:50   ~ t=  9.6 456=0.000 457=0.695 376=0.000 377=0.000 664=0.000
12:46:50   ~ t=  9.6 456=0.000 457=0.693 376=0.000 377=0.000 664=0.000
12:46:50   ~ t=  9.9 456=0.000 457=0.698 376=0.000 377=0.000 664=0.000
12:46:50   ~ t=  9.9 456=0.000 457=0.705 376=0.000 377=0.000 664=0.000
12:46:50   ~ t=  9.9 456=0.000 457=0.714 376=0.000 377=0.000 664=0.000
12:46:50   ~ t=  9.9 456=0.000 457=0.738 376=0.000 377=0.000 664=0.000
12:46:50   ~ t=  9.9 456=0.000 457=0.766 376=0.000 377=0.000 664=0.000
12:46:50   ~ t=  9.9 456=0.000 457=0.782 376=0.000 377=0.000 664=0.000
12:46:50   ~ t=  9.9 456=0.000 457=0.796 376=0.000 377=0.000 664=0.000
12:46:50   ~ t=  9.9 456=0.000 457=0.810 376=0.000 377=0.000 664=0.000
12:46:50   ~ t=  9.9 456=0.000 457=0.822 376=0.000 377=0.000 664=0.000
12:46:51   ~ t=  9.9 456=0.000 457=0.828 376=0.000 377=0.000 664=0.000
12:46:51   ~ t= 10.0 456=0.000 457=0.832 376=0.000 377=0.000 664=0.000
12:46:51   ~ t= 10.0 456=0.000 457=0.833 376=0.000 377=0.000 664=0.000
12:46:51   ~ t= 10.0 456=0.000 457=0.835 376=0.000 377=0.000 664=0.000
12:46:51   ~ t= 10.0 456=0.000 457=0.834 376=0.000 377=0.000 664=0.000
12:46:51   ~ t= 10.2 456=0.000 457=0.837 376=0.000 377=0.000 664=0.000
12:46:51   ~ t= 10.2 456=0.000 457=0.844 376=0.000 377=0.000 664=0.000
12:46:51   ~ t= 10.2 456=0.000 457=0.855 376=0.000 377=0.000 664=0.000
12:46:51   ~ t= 10.2 456=0.000 457=0.873 376=0.000 377=0.000 664=0.000
12:46:51   ~ t= 10.2 456=0.000 457=0.892 376=0.000 377=0.000 664=0.000
12:46:51   ~ t= 10.2 456=0.000 457=0.914 376=0.000 377=0.000 664=0.000
12:46:51   ~ t= 10.2 456=0.000 457=0.939 376=0.000 377=0.000 664=0.000
12:46:51   ~ t= 10.2 456=0.000 457=0.958 376=0.000 377=0.000 664=0.000
12:46:51   ~ t= 10.3 456=0.000 457=0.977 376=0.000 377=0.000 664=0.000
12:46:51   ~ t= 10.3 456=0.000 457=0.992 376=0.000 377=0.000 664=0.000
12:46:51   ~ t= 10.3 456=0.000 457=1.000 376=0.000 377=0.000 664=0.000
12:46:53   ~ t= 12.9 456=0.000 457=0.998 376=0.000 377=0.000 664=0.000
12:46:53   ~ t= 12.9 456=0.000 457=0.997 376=0.000 377=0.000 664=0.000
12:46:53   ~ t= 12.9 456=0.000 457=0.992 376=0.000 377=0.000 664=0.000
12:46:53   ~ t= 12.9 456=0.000 457=0.988 376=0.000 377=0.000 664=0.000
12:46:53   ~ t= 12.9 456=0.000 457=0.982 376=0.000 377=0.000 664=0.000
12:46:53   ~ t= 12.9 456=0.000 457=0.976 376=0.000 377=0.000 664=0.000
12:46:53   ~ t= 12.9 456=0.000 457=0.969 376=0.000 377=0.000 664=0.000
12:46:54   ~ t= 13.0 456=0.000 457=0.957 376=0.000 377=0.000 664=0.000
12:46:54   ~ t= 13.0 456=0.000 457=0.943 376=0.000 377=0.000 664=0.000
12:46:54   ~ t= 13.0 456=0.000 457=0.927 376=0.000 377=0.000 664=0.000
12:46:54   ~ t= 13.0 456=0.000 457=0.912 376=0.000 377=0.000 664=0.000
12:46:54   ~ t= 13.0 456=0.000 457=0.886 376=0.000 377=0.000 664=0.000
12:46:54   ~ t= 13.0 456=0.000 457=0.873 376=0.000 377=0.000 664=0.000
12:46:54   ~ t= 13.0 456=0.000 457=0.860 376=0.000 377=0.000 664=0.000
12:46:54   ~ t= 13.0 456=0.000 457=0.849 376=0.000 377=0.000 664=0.000
12:46:54   ~ t= 13.0 456=0.000 457=0.840 376=0.000 377=0.000 664=0.000
12:46:54   ~ t= 13.1 456=0.000 457=0.799 376=0.000 377=0.000 664=0.000
12:46:54   ~ t= 13.1 456=0.000 457=0.788 376=0.000 377=0.000 664=0.000
12:46:54   ~ t= 13.1 456=0.000 457=0.779 376=0.000 377=0.000 664=0.000
12:46:54   ~ t= 13.1 456=0.000 457=0.769 376=0.000 377=0.000 664=0.000
12:46:54   ~ t= 13.1 456=0.000 457=0.759 376=0.000 377=0.000 664=0.000
12:46:54   ~ t= 13.1 456=0.000 457=0.751 376=0.000 377=0.000 664=0.000
12:46:54   ~ t= 13.1 456=0.000 457=0.744 376=0.000 377=0.000 664=0.000
12:46:54   ~ t= 13.1 456=0.000 457=0.736 376=0.000 377=0.000 664=0.000
12:46:54   ~ t= 13.1 456=0.000 457=0.732 376=0.000 377=0.000 664=0.000
12:46:54   ~ t= 13.1 456=0.000 457=0.724 376=0.000 377=0.000 664=0.000
12:46:54   ~ t= 13.1 456=0.000 457=0.720 376=0.000 377=0.000 664=0.000
12:46:54   ~ t= 13.1 456=0.000 457=0.714 376=0.000 377=0.000 664=0.000
12:46:54   ~ t= 13.2 456=0.000 457=0.710 376=0.000 377=0.000 664=0.000
12:46:54   ~ t= 13.2 456=0.000 457=0.707 376=0.000 377=0.000 664=0.000
12:46:54   ~ t= 13.2 456=0.000 457=0.705 376=0.000 377=0.000 664=0.000
12:46:54   ~ t= 13.2 456=0.000 457=0.702 376=0.000 377=0.000 664=0.000
12:46:55   ~ t= 14.2 456=0.000 457=0.701 376=0.000 377=0.000 664=0.000
12:46:55   ~ t= 14.2 456=0.000 457=0.699 376=0.000 377=0.000 664=0.000
12:46:55   ~ t= 14.2 456=0.000 457=0.696 376=0.000 377=0.000 664=0.000
12:46:55   ~ t= 14.2 456=0.000 457=0.692 376=0.000 377=0.000 664=0.000
12:46:55   ~ t= 14.2 456=0.000 457=0.686 376=0.000 377=0.000 664=0.000
12:46:55   ~ t= 14.2 456=0.000 457=0.673 376=0.000 377=0.000 664=0.000
12:46:55   ~ t= 14.3 456=0.000 457=0.665 376=0.000 377=0.000 664=0.000
12:46:55   ~ t= 14.3 456=0.000 457=0.655 376=0.000 377=0.000 664=0.000
12:46:55   ~ t= 14.3 456=0.000 457=0.651 376=0.000 377=0.000 664=0.000
12:46:55   ~ t= 14.3 456=0.000 457=0.639 376=0.000 377=0.000 664=0.000
12:46:55   ~ t= 14.3 456=0.000 457=0.626 376=0.000 377=0.000 664=0.000
12:46:55   ~ t= 14.3 456=0.000 457=0.615 376=0.000 377=0.000 664=0.000
12:46:55   ~ t= 14.3 456=0.000 457=0.588 376=0.000 377=0.000 664=0.000
12:46:55   ~ t= 14.3 456=0.000 457=0.577 376=0.000 377=0.000 664=0.000
12:46:55   ~ t= 14.3 456=0.000 457=0.560 376=0.000 377=0.000 664=0.000
12:46:55   ~ t= 14.3 456=0.000 457=0.556 376=0.000 377=0.000 664=0.000
12:46:55   ~ t= 14.4 456=0.000 457=0.551 376=0.000 377=0.000 664=0.000
12:46:55   ~ t= 14.4 456=0.000 457=0.547 376=0.000 377=0.000 664=0.000
12:46:55   ~ t= 14.4 456=0.000 457=0.545 376=0.000 377=0.000 664=0.000
12:46:55   ~ t= 14.4 456=0.000 457=0.544 376=0.000 377=0.000 664=0.000
12:46:55   ~ t= 14.4 456=0.000 457=0.543 376=0.000 377=0.000 664=0.000
12:46:55   ~ t= 14.4 456=0.000 457=0.541 376=0.000 377=0.000 664=0.000
12:46:55   ~ t= 14.4 456=0.000 457=0.537 376=0.000 377=0.000 664=0.000
12:46:55   ~ t= 14.4 456=0.000 457=0.534 376=0.000 377=0.000 664=0.000
12:46:55   ~ t= 14.4 456=0.000 457=0.531 376=0.000 377=0.000 664=0.000
12:46:55   ~ t= 14.4 456=0.000 457=0.526 376=0.000 377=0.000 664=0.000
12:46:55   ~ t= 14.4 456=0.000 457=0.520 376=0.000 377=0.000 664=0.000
12:46:55   ~ t= 14.4 456=0.000 457=0.516 376=0.000 377=0.000 664=0.000
12:46:55   ~ t= 14.5 456=0.000 457=0.511 376=0.000 377=0.000 664=0.000
12:46:55   ~ t= 14.5 456=0.000 457=0.507 376=0.000 377=0.000 664=0.000
12:46:55   ~ t= 14.5 456=0.000 457=0.498 376=0.000 377=0.000 664=0.000
12:46:55   ~ t= 14.5 456=0.000 457=0.493 376=0.000 377=0.000 664=0.000
12:46:55   ~ t= 14.5 456=0.000 457=0.490 376=0.000 377=0.000 664=0.000
12:46:55   ~ t= 14.5 456=0.000 457=0.486 376=0.000 377=0.000 664=0.000
12:46:56   ~ t= 15.4 456=0.000 457=0.482 376=0.000 377=0.000 664=0.000
12:46:56   ~ t= 15.4 456=0.000 457=0.479 376=0.000 377=0.000 664=0.000
12:46:56   ~ t= 15.4 456=0.000 457=0.475 376=0.000 377=0.000 664=0.000
12:46:56   ~ t= 15.5 456=0.000 457=0.470 376=0.000 377=0.000 664=0.000
12:46:56   ~ t= 15.5 456=0.000 457=0.462 376=0.000 377=0.000 664=0.000
12:46:56   ~ t= 15.5 456=0.000 457=0.456 376=0.000 377=0.000 664=0.000
12:46:56   ~ t= 15.5 456=0.000 457=0.449 376=0.000 377=0.000 664=0.000
12:46:56   ~ t= 15.5 456=0.000 457=0.436 376=0.000 377=0.000 664=0.000
12:46:56   ~ t= 15.5 456=0.000 457=0.430 376=0.000 377=0.000 664=0.000
12:46:56   ~ t= 15.5 456=0.000 457=0.423 376=0.000 377=0.000 664=0.000
12:46:56   ~ t= 15.5 456=0.000 457=0.417 376=0.000 377=0.000 664=0.000
12:46:56   ~ t= 15.5 456=0.000 457=0.407 376=0.000 377=0.000 664=0.000
12:46:56   ~ t= 15.6 456=0.000 457=0.401 376=0.000 377=0.000 664=0.000
12:46:56   ~ t= 15.6 456=0.000 457=0.396 376=0.000 377=0.000 664=0.000
12:46:56   ~ t= 15.6 456=0.000 457=0.390 376=0.000 377=0.000 664=0.000
12:46:56   ~ t= 15.6 456=0.000 457=0.379 376=0.000 377=0.000 664=0.000
12:46:56   ~ t= 15.6 456=0.000 457=0.372 376=0.000 377=0.000 664=0.000
12:46:56   ~ t= 15.6 456=0.000 457=0.369 376=0.000 377=0.000 664=0.000
12:46:56   ~ t= 15.6 456=0.000 457=0.362 376=0.000 377=0.000 664=0.000
12:46:56   ~ t= 15.6 456=0.000 457=0.355 376=0.000 377=0.000 664=0.000
12:46:56   ~ t= 15.6 456=0.000 457=0.349 376=0.000 377=0.000 664=0.000
12:46:56   ~ t= 15.6 456=0.000 457=0.344 376=0.000 377=0.000 664=0.000
12:46:56   ~ t= 15.6 456=0.000 457=0.338 376=0.000 377=0.000 664=0.000
12:46:56   ~ t= 15.7 456=0.000 457=0.334 376=0.000 377=0.000 664=0.000
12:46:56   ~ t= 15.7 456=0.000 457=0.333 376=0.000 377=0.000 664=0.000
12:46:56   ~ t= 15.7 456=0.000 457=0.329 376=0.000 377=0.000 664=0.000
12:46:56   ~ t= 15.7 456=0.000 457=0.325 376=0.000 377=0.000 664=0.000
12:46:56   ~ t= 15.7 456=0.000 457=0.322 376=0.000 377=0.000 664=0.000
12:46:56   ~ t= 15.7 456=0.000 457=0.320 376=0.000 377=0.000 664=0.000
12:46:56   ~ t= 15.7 456=0.000 457=0.316 376=0.000 377=0.000 664=0.000
12:46:56   ~ t= 15.7 456=0.000 457=0.312 376=0.000 377=0.000 664=0.000
12:46:56   ~ t= 15.7 456=0.000 457=0.306 376=0.000 377=0.000 664=0.000
12:46:56   ~ t= 15.7 456=0.000 457=0.302 376=0.000 377=0.000 664=0.000
12:46:56   ~ t= 15.7 456=0.000 457=0.299 376=0.000 377=0.000 664=0.000
12:46:56   ~ t= 15.8 456=0.000 457=0.296 376=0.000 377=0.000 664=0.000
12:46:56   ~ t= 15.8 456=0.000 457=0.292 376=0.000 377=0.000 664=0.000
12:46:56   ~ t= 15.8 456=0.000 457=0.288 376=0.000 377=0.000 664=0.000
12:46:56   ~ t= 15.8 456=0.000 457=0.285 376=0.000 377=0.000 664=0.000
12:46:56   ~ t= 15.8 456=0.000 457=0.283 376=0.000 377=0.000 664=0.000
12:46:56   ~ t= 15.8 456=0.000 457=0.280 376=0.000 377=0.000 664=0.000
12:46:56   ~ t= 15.8 456=0.000 457=0.274 376=0.000 377=0.000 664=0.000
12:46:56   ~ t= 15.8 456=0.000 457=0.272 376=0.000 377=0.000 664=0.000
12:46:56   ~ t= 15.8 456=0.000 457=0.270 376=0.000 377=0.000 664=0.000
12:46:56   ~ t= 15.8 456=0.000 457=0.269 376=0.000 377=0.000 664=0.000
12:46:56   ~ t= 15.9 456=0.000 457=0.266 376=0.000 377=0.000 664=0.000
12:46:56   ~ t= 15.9 456=0.000 457=0.264 376=0.000 377=0.000 664=0.000
12:46:56   ~ t= 15.9 456=0.000 457=0.263 376=0.000 377=0.000 664=0.000
12:46:56   ~ t= 15.9 456=0.000 457=0.261 376=0.000 377=0.000 664=0.000
12:46:56   ~ t= 15.9 456=0.000 457=0.260 376=0.000 377=0.000 664=0.000
12:46:56   ~ t= 15.9 456=0.000 457=0.259 376=0.000 377=0.000 664=0.000
12:46:56   ~ t= 15.9 456=0.000 457=0.260 376=0.000 377=0.000 664=0.000
12:46:57   ~ t= 16.3 456=0.000 457=0.255 376=0.000 377=0.000 664=0.000
12:46:57   ~ t= 16.3 456=0.000 457=0.254 376=0.000 377=0.000 664=0.000
12:46:57   ~ t= 16.4 456=0.000 457=0.252 376=0.000 377=0.000 664=0.000
12:46:57   ~ t= 16.4 456=0.000 457=0.248 376=0.000 377=0.000 664=0.000
12:46:57   ~ t= 16.4 456=0.000 457=0.244 376=0.000 377=0.000 664=0.000
12:46:57   ~ t= 16.4 456=0.000 457=0.236 376=0.000 377=0.000 664=0.000
12:46:57   ~ t= 16.4 456=0.000 457=0.231 376=0.000 377=0.000 664=0.000
12:46:57   ~ t= 16.4 456=0.000 457=0.225 376=0.000 377=0.000 664=0.000
12:46:57   ~ t= 16.4 456=0.000 457=0.219 376=0.000 377=0.000 664=0.000
12:46:57   ~ t= 16.4 456=0.000 457=0.217 376=0.000 377=0.000 664=0.000
12:46:57   ~ t= 16.4 456=0.000 457=0.211 376=0.000 377=0.000 664=0.000
12:46:57   ~ t= 16.4 456=0.000 457=0.205 376=0.000 377=0.000 664=0.000
12:46:57   ~ t= 16.4 456=0.000 457=0.193 376=0.000 377=0.000 664=0.000
12:46:57   ~ t= 16.5 456=0.000 457=0.188 376=0.000 377=0.000 664=0.000
12:46:57   ~ t= 16.5 456=0.000 457=0.184 376=0.000 377=0.000 664=0.000
12:46:57   ~ t= 16.5 456=0.000 457=0.180 376=0.000 377=0.000 664=0.000
12:46:57   ~ t= 16.5 456=0.000 457=0.176 376=0.000 377=0.000 664=0.000
12:46:57   ~ t= 16.5 456=0.000 457=0.174 376=0.000 377=0.000 664=0.000
12:46:57   ~ t= 16.5 456=0.000 457=0.172 376=0.000 377=0.000 664=0.000
12:46:57   ~ t= 16.5 456=0.000 457=0.170 376=0.000 377=0.000 664=0.000
12:46:57   ~ t= 16.5 456=0.000 457=0.167 376=0.000 377=0.000 664=0.000
12:46:57   ~ t= 16.5 456=0.000 457=0.165 376=0.000 377=0.000 664=0.000
12:46:57   ~ t= 16.5 456=0.000 457=0.162 376=0.000 377=0.000 664=0.000
12:46:57   ~ t= 16.5 456=0.000 457=0.159 376=0.000 377=0.000 664=0.000
12:46:57   ~ t= 16.6 456=0.000 457=0.157 376=0.000 377=0.000 664=0.000
12:46:57   ~ t= 16.6 456=0.000 457=0.154 376=0.000 377=0.000 664=0.000
12:46:57   ~ t= 16.6 456=0.000 457=0.148 376=0.000 377=0.000 664=0.000
12:46:57   ~ t= 16.6 456=0.000 457=0.146 376=0.000 377=0.000 664=0.000
12:46:57   ~ t= 16.6 456=0.000 457=0.143 376=0.000 377=0.000 664=0.000
12:46:57   ~ t= 16.6 456=0.000 457=0.144 376=0.000 377=0.000 664=0.000
12:46:57   ~ t= 16.6 456=0.000 457=0.145 376=0.000 377=0.000 664=0.000
12:47:00   ~ t= 19.9 456=0.000 457=0.148 376=0.000 377=0.000 664=0.000
12:47:00   ~ t= 19.9 456=0.000 457=0.149 376=0.000 377=0.000 664=0.000
12:47:00   ~ t= 19.9 456=0.000 457=0.152 376=0.000 377=0.000 664=0.000
12:47:00   ~ t= 19.9 456=0.000 457=0.157 376=0.000 377=0.000 664=0.000
12:47:00   ~ t= 19.9 456=0.000 457=0.162 376=0.000 377=0.000 664=0.000
12:47:00   ~ t= 19.9 456=0.000 457=0.167 376=0.000 377=0.000 664=0.000
12:47:01   ~ t= 19.9 456=0.000 457=0.182 376=0.000 377=0.000 664=0.000
12:47:01   ~ t= 20.0 456=0.000 457=0.209 376=0.000 377=0.000 664=0.000
12:47:01   ~ t= 20.0 456=0.000 457=0.227 376=0.000 377=0.000 664=0.000
12:47:01   ~ t= 20.0 456=0.000 457=0.244 376=0.000 377=0.000 664=0.000
12:47:01   ~ t= 20.0 456=0.000 457=0.263 376=0.000 377=0.000 664=0.000
12:47:01   ~ t= 20.0 456=0.000 457=0.279 376=0.000 377=0.000 664=0.000
12:47:01   ~ t= 20.0 456=0.000 457=0.294 376=0.000 377=0.000 664=0.000
12:47:01   ~ t= 20.0 456=0.000 457=0.308 376=0.000 377=0.000 664=0.000
12:47:01   ~ t= 20.0 456=0.000 457=0.313 376=0.000 377=0.000 664=0.000
12:47:01   ~ t= 20.0 456=0.000 457=0.331 376=0.000 377=0.000 664=0.000
12:47:01   ~ t= 20.1 456=0.000 457=0.347 376=0.000 377=0.000 664=0.000
12:47:01   ~ t= 20.1 456=0.000 457=0.352 376=0.000 377=0.000 664=0.000
12:47:01   ~ t= 20.1 456=0.000 457=0.357 376=0.000 377=0.000 664=0.000
12:47:01   ~ t= 20.1 456=0.000 457=0.361 376=0.000 377=0.000 664=0.000
12:47:01   ~ t= 20.1 456=0.000 457=0.363 376=0.000 377=0.000 664=0.000
12:47:01   ~ t= 20.3 456=0.000 457=0.364 376=0.000 377=0.000 664=0.000
12:47:01   ~ t= 20.3 456=0.000 457=0.370 376=0.000 377=0.000 664=0.000
12:47:01   ~ t= 20.3 456=0.000 457=0.378 376=0.000 377=0.000 664=0.000
12:47:01   ~ t= 20.3 456=0.000 457=0.393 376=0.000 377=0.000 664=0.000
12:47:01   ~ t= 20.4 456=0.000 457=0.423 376=0.000 377=0.000 664=0.000
12:47:01   ~ t= 20.4 456=0.000 457=0.462 376=0.000 377=0.000 664=0.000
12:47:01   ~ t= 20.4 456=0.000 457=0.511 376=0.000 377=0.000 664=0.000
12:47:01   ~ t= 20.4 456=0.000 457=0.561 376=0.000 377=0.000 664=0.000
12:47:01   ~ t= 20.4 456=0.000 457=0.609 376=0.000 377=0.000 664=0.000
12:47:01   ~ t= 20.4 456=0.000 457=0.655 376=0.000 377=0.000 664=0.000
12:47:01   ~ t= 20.4 456=0.000 457=0.696 376=0.000 377=0.000 664=0.000
12:47:01   ~ t= 20.4 456=0.000 457=0.728 376=0.000 377=0.000 664=0.000
12:47:01   ~ t= 20.4 456=0.000 457=0.755 376=0.000 377=0.000 664=0.000
12:47:01   ~ t= 20.4 456=0.000 457=0.774 376=0.000 377=0.000 664=0.000
12:47:01   ~ t= 20.4 456=0.000 457=0.781 376=0.000 377=0.000 664=0.000
12:47:01   ~ t= 20.5 456=0.000 457=0.783 376=0.000 377=0.000 664=0.000
12:47:01   ~ t= 20.5 456=0.000 457=0.789 376=0.000 377=0.000 664=0.000
12:47:01   ~ t= 20.5 456=0.000 457=0.790 376=0.000 377=0.000 664=0.000
12:47:01   ~ t= 20.7 456=0.000 457=0.793 376=0.000 377=0.000 664=0.000
12:47:01   ~ t= 20.7 456=0.000 457=0.801 376=0.000 377=0.000 664=0.000
12:47:01   ~ t= 20.7 456=0.000 457=0.814 376=0.000 377=0.000 664=0.000
12:47:01   ~ t= 20.7 456=0.000 457=0.838 376=0.000 377=0.000 664=0.000
12:47:01   ~ t= 20.7 456=0.000 457=0.876 376=0.000 377=0.000 664=0.000
12:47:01   ~ t= 20.7 456=0.000 457=0.891 376=0.000 377=0.000 664=0.000
12:47:01   ~ t= 20.7 456=0.000 457=0.890 376=0.000 377=0.000 664=0.000
12:47:01   ~ t= 20.7 456=0.000 457=0.886 376=0.000 377=0.000 664=0.000
12:47:01   ~ t= 20.8 456=0.000 457=0.879 376=0.000 377=0.000 664=0.000
12:47:01   ~ t= 20.8 456=0.000 457=0.873 376=0.000 377=0.000 664=0.000
12:47:01   ~ t= 20.8 456=0.000 457=0.867 376=0.000 377=0.000 664=0.000
12:47:01   ~ t= 20.8 456=0.000 457=0.865 376=0.000 377=0.000 664=0.000
12:47:01   ~ t= 20.8 456=0.000 457=0.863 376=0.000 377=0.000 664=0.000
12:47:01   ~ t= 20.8 456=0.000 457=0.862 376=0.000 377=0.000 664=0.000
12:47:01   ~ t= 20.8 456=0.000 457=0.861 376=0.000 377=0.000 664=0.000
12:47:01   ~ t= 20.8 456=0.000 457=0.860 376=0.000 377=0.000 664=0.000
12:47:01   ~ t= 20.9 456=0.000 457=0.859 376=0.000 377=0.000 664=0.000
12:47:01   ~ t= 20.9 456=0.000 457=0.858 376=0.000 377=0.000 664=0.000
12:47:01   ~ t= 20.9 456=0.000 457=0.857 376=0.000 377=0.000 664=0.000
12:47:07   . t= 25.9 456=0.000 457=0.857 376=0.000 377=0.000 664=0.000
12:47:11   WRITE 1 at t=30.0: 664 before=0.000, writing 1 (opposite)
12:47:11   write performClickableAction(3015, 1.000): ok=true err=1
12:47:11   ~ t= 30.0 456=0.000 457=0.857 376=0.000 377=0.000 664=0.320
12:47:11   ~ t= 30.0 456=0.000 457=0.857 376=0.000 377=0.000 664=0.640
12:47:11   ~ t= 30.1 456=0.000 457=0.857 376=0.000 377=0.000 664=1.000
12:47:12   CHECK after write 1 +1s 664=1.000
12:47:16   CHECK after write 1 +5s 664=1.000
12:47:16   . t= 35.1 456=0.000 457=0.857 376=0.000 377=0.000 664=1.000
12:47:21   . t= 40.1 456=0.000 457=0.857 376=0.000 377=0.000 664=1.000
12:47:26   . t= 45.1 456=0.000 457=0.857 376=0.000 377=0.000 664=1.000
12:47:31   WRITE 2 at t=50.0: 664 before=1.000, writing 0 (original)
12:47:31   write performClickableAction(3015, 0.000): ok=true err=0
12:47:31   ~ t= 50.0 456=0.000 457=0.857 376=0.000 377=0.000 664=0.680
12:47:31   ~ t= 50.0 456=0.000 457=0.857 376=0.000 377=0.000 664=0.360
12:47:31   ~ t= 50.1 456=0.000 457=0.857 376=0.000 377=0.000 664=0.000
12:47:32   CHECK after write 2 +1s 664=0.000
12:47:36   CHECK after write 2 +5s 664=0.000
12:47:36   . t= 55.1 456=0.000 457=0.857 376=0.000 377=0.000 664=0.000
12:47:41   PROBE DONE -- exit whenever. Re-copy the production Export.lua afterwards.
12:47:41   . t= 60.1 456=0.000 457=0.857 376=0.000 377=0.000 664=0.000
12:47:46   . t= 65.1 456=0.000 457=0.857 376=0.000 377=0.000 664=0.000
12:47:51   . t= 70.1 456=0.000 457=0.857 376=0.000 377=0.000 664=0.000
12:47:56   . t= 75.1 456=0.000 457=0.857 376=0.000 377=0.000 664=0.000
12:48:01   . t= 80.1 456=0.000 457=0.857 376=0.000 377=0.000 664=0.000
12:48:07 spu8 probe: stopped.
